
> clase-ucc@0.1.0 test
> jest --passWithNoTests --verbose

  console.error
    React does not recognize the `whileHover` prop on a DOM element. If you intentionally want it to appear in the DOM as a custom attribute, spell it as lowercase `whilehover` instead. If you accidentally passed it from a parent component, remove it from the DOM element.

    [0m [90m 69 |[39m     }
     [90m 70 |[39m
    [31m[1m>[22m[39m[90m 71 |[39m     originalError[33m.[39mcall(console[33m,[39m [33m...[39margs)[33m;[39m
     [90m    |[39m                   [31m[1m^[22m[39m
     [90m 72 |[39m   }[33m;[39m
     [90m 73 |[39m
     [90m 74 |[39m   console[33m.[39mwarn [33m=[39m ([33m...[39margs[33m:[39m any[]) [33m=>[39m {[0m

      at console.error (src/setupTests.ts:71:19)
      at validateProperty (node_modules/react-dom/cjs/react-dom-client.development.js:3009:19)
      at warnUnknownProperties (node_modules/react-dom/cjs/react-dom-client.development.js:3154:9)
      at validatePropertiesInDevelopment (node_modules/react-dom/cjs/react-dom-client.development.js:17117:9)
      at setInitialProperties (node_modules/react-dom/cjs/react-dom-client.development.js:17741:7)
      at completeWork (node_modules/react-dom/cjs/react-dom-client.development.js:11391:18)
      at runWithFiberInDEV (node_modules/react-dom/cjs/react-dom-client.development.js:1522:13)
      at completeUnitOfWork (node_modules/react-dom/cjs/react-dom-client.development.js:15268:19)
      at performUnitOfWork (node_modules/react-dom/cjs/react-dom-client.development.js:15149:11)
      at workLoopSync (node_modules/react-dom/cjs/react-dom-client.development.js:14956:41)
      at renderRootSync (node_modules/react-dom/cjs/react-dom-client.development.js:14936:11)
      at performWorkOnRoot (node_modules/react-dom/cjs/react-dom-client.development.js:14419:13)
      at performWorkOnRootViaSchedulerTask (node_modules/react-dom/cjs/react-dom-client.development.js:16216:7)
      at flushActQueue (node_modules/react/cjs/react.development.js:566:34)
      at process.env.NODE_ENV.exports.act (node_modules/react/cjs/react.development.js:860:10)
      at node_modules/@testing-library/react/dist/act-compat.js:47:25
      at renderRoot (node_modules/@testing-library/react/dist/pure.js:190:26)
      at render (node_modules/@testing-library/react/dist/pure.js:292:10)
      at Object.<anonymous> (src/components/Backgroundmusic.test.tsx:27:33)

  console.error
    React does not recognize the `whileTap` prop on a DOM element. If you intentionally want it to appear in the DOM as a custom attribute, spell it as lowercase `whiletap` instead. If you accidentally passed it from a parent component, remove it from the DOM element.

    [0m [90m 69 |[39m     }
     [90m 70 |[39m
    [31m[1m>[22m[39m[90m 71 |[39m     originalError[33m.[39mcall(console[33m,[39m [33m...[39margs)[33m;[39m
     [90m    |[39m                   [31m[1m^[22m[39m
     [90m 72 |[39m   }[33m;[39m
     [90m 73 |[39m
     [90m 74 |[39m   console[33m.[39mwarn [33m=[39m ([33m...[39margs[33m:[39m any[]) [33m=>[39m {[0m

      at console.error (src/setupTests.ts:71:19)
      at validateProperty (node_modules/react-dom/cjs/react-dom-client.development.js:3009:19)
      at warnUnknownProperties (node_modules/react-dom/cjs/react-dom-client.development.js:3154:9)
      at validatePropertiesInDevelopment (node_modules/react-dom/cjs/react-dom-client.development.js:17117:9)
      at setInitialProperties (node_modules/react-dom/cjs/react-dom-client.development.js:17741:7)
      at completeWork (node_modules/react-dom/cjs/react-dom-client.development.js:11391:18)
      at runWithFiberInDEV (node_modules/react-dom/cjs/react-dom-client.development.js:1522:13)
      at completeUnitOfWork (node_modules/react-dom/cjs/react-dom-client.development.js:15268:19)
      at performUnitOfWork (node_modules/react-dom/cjs/react-dom-client.development.js:15149:11)
      at workLoopSync (node_modules/react-dom/cjs/react-dom-client.development.js:14956:41)
      at renderRootSync (node_modules/react-dom/cjs/react-dom-client.development.js:14936:11)
      at performWorkOnRoot (node_modules/react-dom/cjs/react-dom-client.development.js:14419:13)
      at performWorkOnRootViaSchedulerTask (node_modules/react-dom/cjs/react-dom-client.development.js:16216:7)
      at flushActQueue (node_modules/react/cjs/react.development.js:566:34)
      at process.env.NODE_ENV.exports.act (node_modules/react/cjs/react.development.js:860:10)
      at node_modules/@testing-library/react/dist/act-compat.js:47:25
      at renderRoot (node_modules/@testing-library/react/dist/pure.js:190:26)
      at render (node_modules/@testing-library/react/dist/pure.js:292:10)
      at Object.<anonymous> (src/components/Backgroundmusic.test.tsx:27:33)

node.exe : PASS src/components/KeyboardGame.test.tsx (8.419 s)
En línea: 1 Carácter: 1
+ & "C:\Program Files\nodejs/node.exe" "C:\Program Files\nodejs/node_mo ...
+ ~~~~~~~~~~~~~~~~~~~~~~~~~~~~~~~~~~~~~~~~~~~~~~~~~~~~~~~~~~~~~~~~~~~~~
    + CategoryInfo          : NotSpecified: (PASS src/compon...t.tsx (8.419 s):String) [], RemoteException
    + FullyQualifiedErrorId : NativeCommandError
 
  KeyboardGame Component
    ÔêÜ renderiza el t├¡tulo del juego (126 ms)
    ÔêÜ muestra la descripci├│n del juego (8 ms)
    ÔêÜ muestra el bot├│n de comenzar a practicar inicialmente (115 ms)
    ÔêÜ inicia el juego al hacer clic en comenzar (123 ms)
    ÔêÜ muestra las estad├¡sticas cuando el juego est├í activo (85 ms)
    ÔêÜ muestra el teclado visual cuando el juego est├í activo (41 ms)
    ÔêÜ muestra mensaje de retroalimentaci├│n (75 ms)
    ÔêÜ muestra instrucciones para el usuario (95 ms)
    ÔêÜ aumenta el score cuando se presiona la tecla correcta (122 ms)
    ÔêÜ muestra la precisi├│n inicial como 0% (20 ms)

  console.error
    React does not recognize the `whileHover` prop on a DOM element. If you intentionally want it to appear in the DOM as a custom attribute, spell it as lowercase `whilehover` instead. If you accidentally passed it from a parent component, remove it from the DOM element.

    [0m [90m 69 |[39m     }
     [90m 70 |[39m
    [31m[1m>[22m[39m[90m 71 |[39m     originalError[33m.[39mcall(console[33m,[39m [33m...[39margs)[33m;[39m
     [90m    |[39m                   [31m[1m^[22m[39m
     [90m 72 |[39m   }[33m;[39m
     [90m 73 |[39m
     [90m 74 |[39m   console[33m.[39mwarn [33m=[39m ([33m...[39margs[33m:[39m any[]) [33m=>[39m {[0m

      at console.error (src/setupTests.ts:71:19)
      at validateProperty (node_modules/react-dom/cjs/react-dom-client.development.js:3009:19)
      at warnUnknownProperties (node_modules/react-dom/cjs/react-dom-client.development.js:3154:9)
      at validatePropertiesInDevelopment (node_modules/react-dom/cjs/react-dom-client.development.js:17117:9)
      at setInitialProperties (node_modules/react-dom/cjs/react-dom-client.development.js:17741:7)
      at completeWork (node_modules/react-dom/cjs/react-dom-client.development.js:11391:18)
      at runWithFiberInDEV (node_modules/react-dom/cjs/react-dom-client.development.js:1522:13)
      at completeUnitOfWork (node_modules/react-dom/cjs/react-dom-client.development.js:15268:19)
      at performUnitOfWork (node_modules/react-dom/cjs/react-dom-client.development.js:15149:11)
      at workLoopSync (node_modules/react-dom/cjs/react-dom-client.development.js:14956:41)
      at renderRootSync (node_modules/react-dom/cjs/react-dom-client.development.js:14936:11)
      at performWorkOnRoot (node_modules/react-dom/cjs/react-dom-client.development.js:14419:13)
      at performWorkOnRootViaSchedulerTask (node_modules/react-dom/cjs/react-dom-client.development.js:16216:7)
      at flushActQueue (node_modules/react/cjs/react.development.js:566:34)
      at process.env.NODE_ENV.exports.act (node_modules/react/cjs/react.development.js:860:10)
      at node_modules/@testing-library/react/dist/act-compat.js:47:25
      at renderRoot (node_modules/@testing-library/react/dist/pure.js:190:26)
      at render (node_modules/@testing-library/react/dist/pure.js:292:10)
      at Object.<anonymous> (src/components/Drawingcanvas.test.tsx:44:11)

  console.error
    React does not recognize the `whileTap` prop on a DOM element. If you intentionally want it to appear in the DOM as a custom attribute, spell it as lowercase `whiletap` instead. If you accidentally passed it from a parent component, remove it from the DOM element.

    [0m [90m 69 |[39m     }
     [90m 70 |[39m
    [31m[1m>[22m[39m[90m 71 |[39m     originalError[33m.[39mcall(console[33m,[39m [33m...[39margs)[33m;[39m
     [90m    |[39m                   [31m[1m^[22m[39m
     [90m 72 |[39m   }[33m;[39m
     [90m 73 |[39m
     [90m 74 |[39m   console[33m.[39mwarn [33m=[39m ([33m...[39margs[33m:[39m any[]) [33m=>[39m {[0m

      at console.error (src/setupTests.ts:71:19)
      at validateProperty (node_modules/react-dom/cjs/react-dom-client.development.js:3009:19)
      at warnUnknownProperties (node_modules/react-dom/cjs/react-dom-client.development.js:3154:9)
      at validatePropertiesInDevelopment (node_modules/react-dom/cjs/react-dom-client.development.js:17117:9)
      at setInitialProperties (node_modules/react-dom/cjs/react-dom-client.development.js:17741:7)
      at completeWork (node_modules/react-dom/cjs/react-dom-client.development.js:11391:18)
      at runWithFiberInDEV (node_modules/react-dom/cjs/react-dom-client.development.js:1522:13)
      at completeUnitOfWork (node_modules/react-dom/cjs/react-dom-client.development.js:15268:19)
      at performUnitOfWork (node_modules/react-dom/cjs/react-dom-client.development.js:15149:11)
      at workLoopSync (node_modules/react-dom/cjs/react-dom-client.development.js:14956:41)
      at renderRootSync (node_modules/react-dom/cjs/react-dom-client.development.js:14936:11)
      at performWorkOnRoot (node_modules/react-dom/cjs/react-dom-client.development.js:14419:13)
      at performWorkOnRootViaSchedulerTask (node_modules/react-dom/cjs/react-dom-client.development.js:16216:7)
      at flushActQueue (node_modules/react/cjs/react.development.js:566:34)
      at process.env.NODE_ENV.exports.act (node_modules/react/cjs/react.development.js:860:10)
      at node_modules/@testing-library/react/dist/act-compat.js:47:25
      at renderRoot (node_modules/@testing-library/react/dist/pure.js:190:26)
      at render (node_modules/@testing-library/react/dist/pure.js:292:10)
      at Object.<anonymous> (src/components/Drawingcanvas.test.tsx:44:11)

PASS src/components/Backgroundmusic.test.tsx (8.791 s)
  BackgroundMusic Component
    ÔêÜ renderiza el bot├│n de m├║sica (169 ms)
    ÔêÜ el bot├│n tiene el t├¡tulo correcto (68 ms)
    ÔêÜ cambia el estado al hacer clic en el bot├│n (192 ms)
    ÔêÜ muestra el ├¡cono de volumen inicialmente (23 ms)
    ÔêÜ el bot├│n est├í en posici├│n fija (8 ms)
    ÔêÜ renderiza el elemento audio (29 ms)
    ÔêÜ el audio tiene el atributo loop (18 ms)
    ÔêÜ el audio tiene preload autom├ítico (18 ms)
    ÔêÜ el bot├│n tiene estilos correctos (12 ms)
    ÔêÜ cambia el ├¡cono cuando se hace clic (31 ms)

  console.error
    React does not recognize the `whileHover` prop on a DOM element. If you intentionally want it to appear in the DOM as a custom attribute, spell it as lowercase `whilehover` instead. If you accidentally passed it from a parent component, remove it from the DOM element.

    [0m [90m 69 |[39m     }
     [90m 70 |[39m
    [31m[1m>[22m[39m[90m 71 |[39m     originalError[33m.[39mcall(console[33m,[39m [33m...[39margs)[33m;[39m
     [90m    |[39m                   [31m[1m^[22m[39m
     [90m 72 |[39m   }[33m;[39m
     [90m 73 |[39m
     [90m 74 |[39m   console[33m.[39mwarn [33m=[39m ([33m...[39margs[33m:[39m any[]) [33m=>[39m {[0m

      at console.error (src/setupTests.ts:71:19)
      at validateProperty (node_modules/react-dom/cjs/react-dom-client.development.js:3009:19)
      at warnUnknownProperties (node_modules/react-dom/cjs/react-dom-client.development.js:3154:9)
      at validatePropertiesInDevelopment (node_modules/react-dom/cjs/react-dom-client.development.js:17117:9)
      at setInitialProperties (node_modules/react-dom/cjs/react-dom-client.development.js:17741:7)
      at completeWork (node_modules/react-dom/cjs/react-dom-client.development.js:11391:18)
      at runWithFiberInDEV (node_modules/react-dom/cjs/react-dom-client.development.js:1522:13)
      at completeUnitOfWork (node_modules/react-dom/cjs/react-dom-client.development.js:15268:19)
      at performUnitOfWork (node_modules/react-dom/cjs/react-dom-client.development.js:15149:11)
      at workLoopSync (node_modules/react-dom/cjs/react-dom-client.development.js:14956:41)
      at renderRootSync (node_modules/react-dom/cjs/react-dom-client.development.js:14936:11)
      at performWorkOnRoot (node_modules/react-dom/cjs/react-dom-client.development.js:14419:13)
      at performWorkOnRootViaSchedulerTask (node_modules/react-dom/cjs/react-dom-client.development.js:16216:7)
      at flushActQueue (node_modules/react/cjs/react.development.js:566:34)
      at process.env.NODE_ENV.exports.act (node_modules/react/cjs/react.development.js:860:10)
      at node_modules/@testing-library/react/dist/act-compat.js:47:25
      at renderRoot (node_modules/@testing-library/react/dist/pure.js:190:26)
      at render (node_modules/@testing-library/react/dist/pure.js:292:10)
      at Object.<anonymous> (src/components/BlockPuzzle.test.tsx:42:11)

PASS src/components/PatternSequence.test.tsx (8.832 s)
  PatternSequence Component
    ÔêÜ renderiza el t├¡tulo del componente (215 ms)
    ÔêÜ muestra la descripci├│n del juego (91 ms)
    ÔêÜ muestra las estad├¡sticas iniciales (47 ms)
    ÔêÜ muestra el tipo de patr├│n (13 ms)
    ÔêÜ muestra la pregunta inicial (33 ms)
    ÔêÜ muestra las opciones de respuesta (79 ms)
    ÔêÜ muestra el consejo educativo (15 ms)
    ÔêÜ muestra el s├¡mbolo de interrogaci├│n en la secuencia (33 ms)
    ÔêÜ muestra mensaje de ├®xito al responder correctamente (59 ms)
    ÔêÜ los aciertos iniciales son 0 (16 ms)
    ÔêÜ la precisi├│n inicial es 0% (18 ms)

PASS src/components/Drawingcanvas.test.tsx (9.527 s)
  DrawingCanvas Component
    ÔêÜ renderiza el t├¡tulo del componente (235 ms)
    ÔêÜ muestra la descripci├│n del lienzo (21 ms)
    ÔêÜ muestra el selector de herramientas (234 ms)
    ÔêÜ muestra la secci├│n de colores (33 ms)
    ÔêÜ muestra la secci├│n de tama├▒o del pincel (83 ms)
    ÔêÜ cambia la herramienta al hacer clic (79 ms)
    ÔêÜ cambia la herramienta a borrador (67 ms)
    ÔêÜ renderiza el bot├│n de limpiar todo (70 ms)
    ÔêÜ renderiza el bot├│n de guardar dibujo (84 ms)
    ÔêÜ muestra los consejos para dibujar (25 ms)
    ÔêÜ muestra el canvas para dibujar (22 ms)
    ÔêÜ cambia el tama├▒o del pincel al hacer clic (80 ms)
    ÔêÜ el bot├│n de limpiar todo funciona sin errores (63 ms)
    ÔêÜ el bot├│n de guardar dibujo funciona sin errores (65 ms)
    ÔêÜ muestra informaci├│n sobre el spray (19 ms)

PASS src/components/BlockPuzzle.test.tsx (9.74 s)
  BlockPuzzle Component
    ÔêÜ renderiza el t├¡tulo del componente (201 ms)
    ÔêÜ muestra la descripci├│n del juego (67 ms)
    ÔêÜ muestra el nivel actual correctamente (34 ms)
    ÔêÜ muestra las estad├¡sticas iniciales (24 ms)
    ÔêÜ renderiza el bot├│n de reiniciar nivel (94 ms)
    ÔêÜ muestra el nombre del nivel principiante (36 ms)
    ÔêÜ muestra las instrucciones de c├│mo jugar (31 ms)
    ÔêÜ muestra el t├¡tulo de piezas disponibles (29 ms)
    ÔêÜ el score inicial es 0 (47 ms)
    ÔêÜ muestra m├║ltiples piezas disponibles (28 ms)
    ÔêÜ reiniciar nivel funciona sin errores (69 ms)
    ÔêÜ renderiza el tablero del juego (14 ms)
    ÔêÜ muestra la regla sobre las piezas que no deben superponerse (18 ms)
    ÔêÜ muestra la regla sobre llenar el tablero (17 ms)
    ÔêÜ muestra el consejo sobre pensamiento espacial (28 ms)
    ÔêÜ el bot├│n de nivel siguiente aparece si no es el primer nivel (29 ms)
    ÔêÜ las piezas son arrastrables (45 ms)
    ÔêÜ simula el inicio de arrastre de una pieza (54 ms)
    ÔêÜ simula el final de arrastre de una pieza (35 ms)
    ÔêÜ muestra piezas restantes mayor que 0 al inicio (41 ms)
    ÔêÜ el nivel actual es 1 al inicio (16 ms)
    ÔêÜ muestra el borde azul alrededor del tablero (56 ms)

PASS src/App.test.tsx
  ÔêÜ renderiza el t├¡tulo principal de Mentes Creativas (6 ms)

PASS src/components/Sidebar.test.tsx
  Sidebar Component
    ÔêÜ renderiza el t├¡tulo Mentes Creativas (39 ms)
    ÔêÜ renderiza el subt├¡tulo Plataforma Educativa (17 ms)
    ÔêÜ renderiza el enlace de Inicio (23 ms)
    ÔêÜ renderiza el enlace de Tecnolog├¡a e Inform├ítica (11 ms)
    ÔêÜ renderiza el enlace de Educaci├│n Art├¡stica (10 ms)
    ÔêÜ renderiza el enlace de Pensamiento L├│gico (12 ms)
    ÔêÜ muestra el footer con 3 ├üreas Educativas (24 ms)
    ÔêÜ muestra el texto descriptivo del footer (32 ms)
    ÔêÜ renderiza todos los ├¡conos de navegaci├│n (13 ms)
    ÔêÜ tiene la estructura aside correcta (10 ms)

PASS src/components/layaout.test.tsx
  Layout Component
    ÔêÜ renderiza el componente sin errores (14 ms)
    ÔêÜ renderiza el Sidebar (4 ms)
    ÔêÜ renderiza el BackgroundMusic (4 ms)
    ÔêÜ tiene la estructura correcta con flex display (46 ms)

Test Suites: 8 passed, 8 total
Tests:       83 passed, 83 total
Snapshots:   0 total
Time:        12.231 s
Ran all test suites.
